28-07-2025 11:18:34 AM , 11:18:34 AM//Estableciendo conexion...
28-07-2025 11:18:35 AM , 11:18:35 AM//Conectado
28-07-2025 11:18:36 AM , 11:18:36 AM//Empresa: VDN S.A.                                          
28-07-2025 11:18:37 AM , 11:18:37 AM//Verificacion concluida.
28-07-2025 11:18:38 AM , 11:18:38 AM//servidor DISPONIBLE
28-07-2025 11:20:02 AM , 11:20:02 AM//Estableciendo conexion...
28-07-2025 11:20:04 AM , 11:20:04 AM//Conectado
28-07-2025 11:20:04 AM , 11:20:04 AM//Empresa: VDN S.A.                                          
28-07-2025 11:20:05 AM , 11:20:05 AM//Verificacion concluida.
28-07-2025 11:20:06 AM , 11:20:06 AM//servidor DISPONIBLE
28-07-2025 11:20:36 AM , 11:20:36 AM//Estableciendo conexion...
28-07-2025 11:20:37 AM , 11:20:37 AM//Conectado
28-07-2025 11:20:38 AM , 11:20:38 AM//Empresa: VDN S.A.                                          
28-07-2025 11:20:39 AM , 11:20:39 AM//Verificacion concluida.
28-07-2025 11:20:40 AM , 11:20:40 AM//servidor DISPONIBLE
28-07-2025 11:20:45 AM , 11:20:45 AM//servidor DISPONIBLE
28-07-2025 11:20:46 AM , 11:20:46 AM//Modulo: MATERIALES
28-07-2025 11:21:43 AM , 11:21:43 AM//No hay informacion para importar en modulo materiales - seccionesIMPORTACION CANCELADA
28-07-2025 11:22:55 AM , 11:22:55 AM//Estableciendo conexion...
28-07-2025 11:22:56 AM , 11:22:56 AM//Conectado
28-07-2025 11:22:57 AM , 11:22:57 AM//Empresa: VDN S.A.                                          
28-07-2025 11:22:58 AM , 11:22:58 AM//Verificacion concluida.
28-07-2025 11:22:59 AM , 11:22:59 AM//servidor DISPONIBLE
28-07-2025 11:23:17 AM , 11:23:17 AM//servidor DISPONIBLE
28-07-2025 11:23:18 AM , 11:23:18 AM//Modulo: MATERIALES
28-07-2025 11:23:29 AM , 11:23:29 AM//borrando datos antiguos de secciones.....
28-07-2025 11:23:38 AM , 11:23:38 AM//cargando datos secciones.....
28-07-2025 11:24:19 AM , 11:24:19 AM//IMPORTACION SECCIONES EXITOSA
28-07-2025 11:24:31 AM , 11:24:31 AM//borrando datos antiguos de articulos.....
28-07-2025 11:24:37 AM , 11:24:37 AM//cargando datos materiales.....4197 registros
28-07-2025 11:24:40 AM , 11:24:40 AM//Importando de 0 a 839 materiales
28-07-2025 11:28:14 AM , 11:28:14 AM//Importando los siguientes 839 articulos
28-07-2025 11:30:16 AM , 11:30:16 AM//Estableciendo conexion...
28-07-2025 11:30:17 AM , 11:30:17 AM//Conectado
28-07-2025 11:30:18 AM , 11:30:18 AM//Empresa: VDN S.A.                                          
28-07-2025 11:30:19 AM , 11:30:19 AM//Verificacion concluida.
28-07-2025 11:30:19 AM , 11:30:19 AM//servidor DISPONIBLE
28-07-2025 11:30:33 AM , 11:30:33 AM//servidor DISPONIBLE
28-07-2025 11:30:33 AM , 11:30:33 AM//Modulo: MATERIALES
28-07-2025 11:30:36 AM , 11:30:36 AM//borrando datos antiguos de secciones.....
28-07-2025 11:30:37 AM , 11:30:37 AM//cargando datos secciones.....
28-07-2025 11:30:44 AM , 11:30:44 AM//IMPORTACION SECCIONES EXITOSA
28-07-2025 11:30:48 AM , 11:30:48 AM//borrando datos antiguos de articulos.....
28-07-2025 11:30:48 AM , 11:30:48 AM//cargando datos materiales.....4197 registros
28-07-2025 11:30:49 AM , 11:30:49 AM//Importando de 0 a 839 materiales
28-07-2025 11:32:44 AM , 11:32:44 AM//Importando los siguientes 839 articulos
28-07-2025 11:34:03 AM , 11:34:03 AM//Importando los siguientes 1678 articulos
28-07-2025 11:36:06 AM , 11:36:06 AM//Importando los siguientes 2517 articulos
28-07-2025 11:37:57 AM , 11:37:57 AM//Importando los siguientes 3356 articulos
28-07-2025 11:39:09 AM , 11:39:09 AM//Importando los siguientes 4195 articulos
28-07-2025 11:39:10 AM , 11:39:10 AM//IMPORTACION ARTICULOS EXITOSA
28-07-2025 11:39:11 AM , 11:39:11 AM//MODULO MATERIALES EXITOSO
28-07-2025 11:44:12 AM , 11:44:12 AM//Estableciendo conexion...
28-07-2025 11:44:14 AM , 11:44:14 AM//Conectado
28-07-2025 11:44:15 AM , 11:44:15 AM//Empresa: VDN S.A.                                          
28-07-2025 11:44:15 AM , 11:44:15 AM//Verificacion concluida.
28-07-2025 11:44:16 AM , 11:44:16 AM//servidor DISPONIBLE
28-07-2025 11:45:06 AM , 11:45:06 AM//Estableciendo conexion...
28-07-2025 11:45:08 AM , 11:45:08 AM//Conectado
28-07-2025 11:45:08 AM , 11:45:08 AM//Empresa: VDN S.A.                                          
28-07-2025 11:45:09 AM , 11:45:09 AM//Verificacion concluida.
28-07-2025 11:45:09 AM , 11:45:09 AM//servidor DISPONIBLE
28-07-2025 11:45:46 AM , 11:45:46 AM//Estableciendo conexion...
28-07-2025 11:45:47 AM , 11:45:47 AM//Conectado
28-07-2025 11:45:47 AM , 11:45:47 AM//Empresa: VDN S.A.                                          
28-07-2025 11:45:48 AM , 11:45:48 AM//Verificacion concluida.
28-07-2025 11:45:49 AM , 11:45:49 AM//servidor DISPONIBLE
28-07-2025 11:47:50 AM , 11:47:50 AM//Estableciendo conexion...
28-07-2025 11:47:51 AM , 11:47:51 AM//Conectado
28-07-2025 11:47:51 AM , 11:47:51 AM//Empresa: VDN S.A.                                          
28-07-2025 11:47:52 AM , 11:47:52 AM//Verificacion concluida.
28-07-2025 11:47:52 AM , 11:47:52 AM//servidor DISPONIBLE
28-07-2025 11:48:29 AM , 11:48:29 AM//Estableciendo conexion...
28-07-2025 11:48:30 AM , 11:48:30 AM//Conectado
28-07-2025 11:48:31 AM , 11:48:31 AM//Empresa: VDN S.A.                                          
28-07-2025 11:48:31 AM , 11:48:31 AM//Verificacion concluida.
28-07-2025 11:48:32 AM , 11:48:32 AM//servidor DISPONIBLE
